RAM Allocation
Variable                                                          Address   Size
--------------------------------------------------------------------------------
tabla7segmentos                                                   0x00E0      10

EEPROM Allocation
Variable                                                          Address   Size
--------------------------------------------------------------------------------

Register Allocation
Variable                                                          Register  Size
--------------------------------------------------------------------------------
botonp                                                            R2.0      1bit
botona                                                            R2.1      1bit
bandera                                                           R2.2      1bit
varDecenas                                                        R5           1
varUnidades                                                       R4           1
varMilesimas                                                      R7           1
